TAP version 13
# Subtest: Engineering IPC rejects foreign renderer callers before accessing settings or dialogs
ok 1 - Engineering IPC rejects foreign renderer callers before accessing settings or dialogs
  ---
  duration_ms: 17.801038
  type: 'test'
  ...
# Subtest: Chat state coordinator captures draft ownership and flushes before selection changes
ok 2 - Chat state coordinator captures draft ownership and flushes before selection changes
  ---
  duration_ms: 1.610056
  type: 'test'
  ...
# Subtest: Chat and Automation common messages use the same Conversation Surface presentation
ok 3 - Chat and Automation common messages use the same Conversation Surface presentation
  ---
  duration_ms: 2.073097
  type: 'test'
  ...
# Subtest: Conversation Surface coalesces live follow into one instant scroll per frame
ok 4 - Conversation Surface coalesces live follow into one instant scroll per frame
  ---
  duration_ms: 1.749136
  type: 'test'
  ...
# Subtest: Conversation Surface cancels a queued auto-follow as soon as the user starts scrolling
ok 5 - Conversation Surface cancels a queued auto-follow as soon as the user starts scrolling
  ---
  duration_ms: 0.653525
  type: 'test'
  ...
# Subtest: Conversation Surface isolates queued follow and detached reading position by context
ok 6 - Conversation Surface isolates queued follow and detached reading position by context
  ---
  duration_ms: 0.607532
  type: 'test'
  ...
# Subtest: Conversation Surface skips DOM and scroll work when a stream projection is unchanged
ok 7 - Conversation Surface skips DOM and scroll work when a stream projection is unchanged
  ---
  duration_ms: 0.596543
  type: 'test'
  ...
# Subtest: Conversation Surface preserves user reading position across repeated renders
ok 8 - Conversation Surface preserves user reading position across repeated renders
  ---
  duration_ms: 0.490075
  type: 'test'
  ...
# Subtest: Conversation Surface reserves smooth scrolling for an explicit latest jump
ok 9 - Conversation Surface reserves smooth scrolling for an explicit latest jump
  ---
  duration_ms: 0.686307
  type: 'test'
  ...
# Subtest: Conversation Surface code copy exposes rejection to the shared action boundary
ok 10 - Conversation Surface code copy exposes rejection to the shared action boundary
  ---
  duration_ms: 0.8934
  type: 'test'
  ...
# Subtest: Chat state coordinator serializes captured draft owners without applying persistence responses
ok 11 - Chat state coordinator serializes captured draft owners without applying persistence responses
  ---
  duration_ms: 6.789083
  type: 'test'
  ...
# Subtest: Chat session selection flushes the old draft before persisting and applying the target
ok 12 - Chat session selection flushes the old draft before persisting and applying the target
  ---
  duration_ms: 0.597187
  type: 'test'
  ...
# Subtest: Chat session selection ignores a stale response that completes after the latest intent
ok 13 - Chat session selection ignores a stale response that completes after the latest intent
  ---
  duration_ms: 1.244821
  type: 'test'
  ...
# Subtest: Chat session response is invalidated by a later new-draft intent
ok 14 - Chat session response is invalidated by a later new-draft intent
  ---
  duration_ms: 0.971993
  type: 'test'
  ...
# Subtest: Chat new-draft response preserves and persists Composer input typed while its request is pending
ok 15 - Chat new-draft response preserves and persists Composer input typed while its request is pending
  ---
  duration_ms: 0.963885
  type: 'test'
  ...
# Subtest: Chat workspace response preserves and persists newer Composer input for the new draft owner
ok 16 - Chat workspace response preserves and persists newer Composer input for the new draft owner
  ---
  duration_ms: 0.982241
  type: 'test'
  ...
# Subtest: Chat owner intents keep first send on the latest visible workspace and reject the older workspace response
ok 17 - Chat owner intents keep first send on the latest visible workspace and reject the older workspace response
  ---
  duration_ms: 1.407916
  type: 'test'
  ...
# Subtest: Chat background refresh cannot roll back a newer draft-workspace transition
ok 18 - Chat background refresh cannot roll back a newer draft-workspace transition
  ---
  duration_ms: 1.081781
  type: 'test'
  ...
# Subtest: Chat first send adopts the new session without losing or misowning an in-flight draft
ok 19 - Chat first send adopts the new session without losing or misowning an in-flight draft
  ---
  duration_ms: 0.952541
  type: 'test'
  ...
# Subtest: Chat send does not clear newer Composer input while the accepted draft is still flushing
ok 20 - Chat send does not clear newer Composer input while the accepted draft is still flushing
  ---
  duration_ms: 0.965224
  type: 'test'
  ...
# Subtest: Chat session mutation response cannot project the old transcript after a later selection
ok 21 - Chat session mutation response cannot project the old transcript after a later selection
  ---
  duration_ms: 0.502738
  type: 'test'
  ...
# Subtest: Chat retry identity is owned by the current failed-session transition
ok 22 - Chat retry identity is owned by the current failed-session transition
  ---
  duration_ms: 0.353158
  type: 'test'
  ...
# Subtest: Chat refresh exposes progress immediately and only the latest refresh may project
ok 23 - Chat refresh exposes progress immediately and only the latest refresh may project
  ---
  duration_ms: 0.348984
  type: 'test'
  ...
# Subtest: Chat stream events patch only the selected session without starting a snapshot refresh
ok 24 - Chat stream events patch only the selected session without starting a snapshot refresh
  ---
  duration_ms: 0.438625
  type: 'test'
  ...
# Subtest: Chat refresh cannot erase a stream patch that arrives while its snapshot is in flight
ok 25 - Chat refresh cannot erase a stream patch that arrives while its snapshot is in flight
  ---
  duration_ms: 0.583708
  type: 'test'
  ...
# Subtest: Chat Renderer separates stream patches from coalesced structural refreshes
ok 26 - Chat Renderer separates stream patches from coalesced structural refreshes
  ---
  duration_ms: 4.747752
  type: 'test'
  ...
# Subtest: Chat navigation renders the cached page before starting its background refresh
ok 27 - Chat navigation renders the cached page before starting its background refresh
  ---
  duration_ms: 3.274481
  type: 'test'
  ...
# Subtest: Chat Renderer delegates all owner, epoch, projection, retry, send and persistence transitions
ok 28 - Chat Renderer delegates all owner, epoch, projection, retry, send and persistence transitions
  ---
  duration_ms: 3.727497
  type: 'test'
  ...
# Subtest: Chat project selector changes only the new draft owner and persisted session ownership stays fixed
ok 29 - Chat project selector changes only the new draft owner and persisted session ownership stays fixed
  ---
  duration_ms: 4.342825
  type: 'test'
  ...
# Subtest: Chat Renderer groups all snapshot sessions by Product Workspace with bounded inline history
ok 30 - Chat Renderer groups all snapshot sessions by Product Workspace with bounded inline history
  ---
  duration_ms: 2.646076
  type: 'test'
  ...
# Subtest: Work navigation renders immediately before starting its dedicated query refresh
ok 31 - Work navigation renders immediately before starting its dedicated query refresh
  ---
  duration_ms: 3.754868
  type: 'test'
  ...
# Subtest: Automation activity invalidation refreshes only the visible Run surface
ok 32 - Automation activity invalidation refreshes only the visible Run surface
  ---
  duration_ms: 2.344056
  type: 'test'
  ...
# Subtest: Work and Feedback assign one control row and all remaining height to their split workbench
ok 33 - Work and Feedback assign one control row and all remaining height to their split workbench
  ---
  duration_ms: 2.020186
  type: 'test'
  ...
# Subtest: desktop primary surface is a simultaneous multi-product platform while preserving Automation
ok 34 - desktop primary surface is a simultaneous multi-product platform while preserving Automation
  ---
  duration_ms: 22.104743
  type: 'test'
  ...
# Subtest: desktop keeps the remaining lifecycle previews inert while Chat is a real isolated Codex surface
ok 35 - desktop keeps the remaining lifecycle previews inert while Chat is a real isolated Codex surface
  ---
  duration_ms: 4.632375
  type: 'test'
  ...
# Subtest: Desktop opens feedback attachments through a bounded main-process HTTPS capability
ok 36 - Desktop opens feedback attachments through a bounded main-process HTTPS capability
  ---
  duration_ms: 1.269436
  type: 'test'
  ...
# Subtest: Desktop keeps developer Feedback V2 conversation behind dedicated typed IPC
ok 37 - Desktop keeps developer Feedback V2 conversation behind dedicated typed IPC
  ---
  duration_ms: 3.690488
  type: 'test'
  ...
# Subtest: Feedback V2 typed IPC preserves status and Renderer executes 401 and 404 recovery
ok 38 - Feedback V2 typed IPC preserves status and Renderer executes 401 and 404 recovery
  ---
  duration_ms: 3.849424
  type: 'test'
  ...
# Subtest: Feedback restore writes the complete V1 mapping and keeps V2 failures non-optimistic
ok 39 - Feedback restore writes the complete V1 mapping and keeps V2 failures non-optimistic
  ---
  duration_ms: 3.951013
  type: 'test'
  ...
# Subtest: Feedback list keeps every feedback on one compact visual row
ok 40 - Feedback list keeps every feedback on one compact visual row
  ---
  duration_ms: 4.999753
  type: 'test'
  ...
# Subtest: Feedback detail scrolls internally and image attachments reuse the managed image viewer
ok 41 - Feedback detail scrolls internally and image attachments reuse the managed image viewer
  ---
  duration_ms: 3.921601
  type: 'test'
  ...
# Subtest: Feedback V2 read state respects notification capability and refreshes visible unread projection
ok 42 - Feedback V2 read state respects notification capability and refreshes visible unread projection
  ---
  duration_ms: 4.969869
  type: 'test'
  ...
# Subtest: Feedback V2 conversation freshness composes automatic and manual reload triggers
ok 43 - Feedback V2 conversation freshness composes automatic and manual reload triggers
  ---
  duration_ms: 4.884991
  type: 'test'
  ...
# Subtest: Feedback V2 conversation loading deduplicates requests, preserves local state, and ignores stale responses
ok 44 - Feedback V2 conversation loading deduplicates requests, preserves local state, and ignores stale responses
  ---
  duration_ms: 4.96968
  type: 'test'
  ...
# Subtest: Feedback V2 conversation load failure keeps cached messages, draft, attachment, and unread state
ok 45 - Feedback V2 conversation load failure keeps cached messages, draft, attachment, and unread state
  ---
  duration_ms: 6.070406
  type: 'test'
  ...
# Subtest: ADVANCE owns one top product-set scope while Work and Automation own their local filters
ok 46 - ADVANCE owns one top product-set scope while Work and Automation own their local filters
  ---
  duration_ms: 8.295078
  type: 'test'
  ...
# Subtest: Work exposes local-projection filters, task hierarchy, complete detail, subtasks and TaskAttachment collaboration
ok 47 - Work exposes local-projection filters, task hierarchy, complete detail, subtasks and TaskAttachment collaboration
  ---
  duration_ms: 17.453984
  type: 'test'
  ...
# Subtest: Today directly renders acceptance issue progress and preserves valid selection after submission
ok 48 - Today directly renders acceptance issue progress and preserves valid selection after submission
  ---
  duration_ms: 3.138718
  type: 'test'
  ...
# Subtest: Work opens allowed Markdown links through a bounded main-process capability
ok 49 - Work opens allowed Markdown links through a bounded main-process capability
  ---
  duration_ms: 0.968609
  type: 'test'
  ...
# Subtest: desktop renders and composes type-preserving TaskAttachment resources through bounded IPC
ok 50 - desktop renders and composes type-preserving TaskAttachment resources through bounded IPC
  ---
  duration_ms: 4.413764
  type: 'test'
  ...
# Subtest: desktop exposes Task Browser, on-demand Workbench, and Recovery Center as closed-loop views
ok 51 - desktop exposes Task Browser, on-demand Workbench, and Recovery Center as closed-loop views
  ---
  duration_ms: 12.441445
  type: 'test'
  ...
# Subtest: Desktop gates automation behind bounded Setup Readiness plan and confirmation IPC
ok 52 - Desktop gates automation behind bounded Setup Readiness plan and confirmation IPC
  ---
  duration_ms: 12.293092
  type: 'test'
  ...
# Subtest: Desktop resolves startup and selected-project Setup checks from every trusted local workspace
ok 53 - Desktop resolves startup and selected-project Setup checks from every trusted local workspace
  ---
  duration_ms: 0.580818
  type: 'test'
  ...
# Subtest: Desktop Setup aggregate rejects stale divergent Codex evidence with an actionable error
ok 54 - Desktop Setup aggregate rejects stale divergent Codex evidence with an actionable error
  ---
  duration_ms: 0.318459
  type: 'test'
  ...
# Subtest: Desktop Setup checks fresh associated roots at startup and for a selected project
ok 55 - Desktop Setup checks fresh associated roots at startup and for a selected project
  ---
  duration_ms: 0.442495
  type: 'test'
  ...
# Subtest: Desktop startup Automation gate rejects project skill drift and first-install readiness
ok 56 - Desktop startup Automation gate rejects project skill drift and first-install readiness
  ---
  duration_ms: 0.160175
  type: 'test'
  ...
# Subtest: workbench transcript prioritizes Loop and Agent output while reducing tools to one-line summaries
ok 57 - workbench transcript prioritizes Loop and Agent output while reducing tools to one-line summaries
  ---
  duration_ms: 1.652912
  type: 'test'
  ...
# Subtest: transcript hides empty reasoning and recognizes persisted schema JSON without rewriting it
ok 58 - transcript hides empty reasoning and recognizes persisted schema JSON without rewriting it
  ---
  duration_ms: 0.605993
  type: 'test'
  ...
# Subtest: Automation transcript preserves Agent items across intervention, failed recovery Runs and historical review
ok 59 - Automation transcript preserves Agent items across intervention, failed recovery Runs and historical review
  ---
  duration_ms: 15.770775
  type: 'test'
  ...
# Subtest: Round Closeout v2 presents trusted invariant judgments
ok 60 - Round Closeout v2 presents trusted invariant judgments
  ---
  duration_ms: 0.243973
  type: 'test'
  ...
# Subtest: desktop main and preload expose bounded automation IPC without a generic network bridge
ok 61 - desktop main and preload expose bounded automation IPC without a generic network bridge
  ---
  duration_ms: 11.726426
  type: 'test'
  ...
# Subtest: desktop main and preload expose bounded platform composition IPC without credentials or generic requests
ok 62 - desktop main and preload expose bounded platform composition IPC without credentials or generic requests
  ---
  duration_ms: 1.585481
  type: 'test'
  ...
# Subtest: ArcOrbit exposes one authenticated in-product feedback entry without user configuration
ok 63 - ArcOrbit exposes one authenticated in-product feedback entry without user configuration
  ---
  duration_ms: 4.567709
  type: 'test'
  ...
# Subtest: task source settings keep the access token write-only in Renderer
ok 64 - task source settings keep the access token write-only in Renderer
  ---
  duration_ms: 3.387864
  type: 'test'
  ...
# Subtest: desktop account panel supports bounded verification login, expiry, and confirmed logout
ok 65 - desktop account panel supports bounded verification login, expiry, and confirmed logout
  ---
  duration_ms: 5.126303
  type: 'test'
  ...
# Subtest: direct add adapter sends only relation id, traverses organization pages, never invents relation identity
ok 66 - direct add adapter sends only relation id, traverses organization pages, never invents relation identity
  ---
  duration_ms: 3.971125
  type: 'test'
  ...
# Subtest: bounded main command rejects non-admin, wrong account and target; preserves fixed add input
ok 67 - bounded main command rejects non-admin, wrong account and target; preserves fixed add input
  ---
  duration_ms: 2.6558
  type: 'test'
  ...
# Subtest: account change during candidate read prevents write; transport errors retain outcome ambiguity
ok 68 - account change during candidate read prevents write; transport errors retain outcome ambiguity
  ---
  duration_ms: 0.824376
  type: 'test'
  ...
# Subtest: confirmed mutation refresh failure retries only reads
ok 69 - confirmed mutation refresh failure retries only reads
  ---
  duration_ms: 0.878675
  type: 'test'
  ...
# Subtest: unknown mutation reconciles before retry, detects existing member
ok 70 - unknown mutation reconciles before retry, detects existing member
  ---
  duration_ms: 0.470617
  type: 'test'
  ...
# Subtest: single-flight submit and stale project/account/closed sheet responses never publish or refresh
ok 71 - single-flight submit and stale project/account/closed sheet responses never publish or refresh
  ---
  duration_ms: 0.528045
  type: 'test'
  ...
# Subtest: existing member cannot be selected and candidate failure does not permit submission
ok 72 - existing member cannot be selected and candidate failure does not permit submission
  ---
  duration_ms: 0.377696
  type: 'test'
  ...
# Subtest: organization pagination follows declared total even for short pages and fails closed on repeated pages
ok 73 - organization pagination follows declared total even for short pages and fails closed on repeated pages
  ---
  duration_ms: 0.835171
  type: 'test'
  ...
# Subtest: production coordinator and flow confirm only matching member responses and reconcile ambiguous writes
ok 74 - production coordinator and flow confirm only matching member responses and reconcile ambiguous writes
  ---
  duration_ms: 4.02598
  type: 'test'
  ...
# Subtest: client gates reject personal, inaccessible, cross-organization and nonmember targets before writing
ok 75 - client gates reject personal, inaccessible, cross-organization and nonmember targets before writing
  ---
  duration_ms: 1.401921
  type: 'test'
  ...
# Subtest: ambiguous response with no confirmed membership requires a separate user retry
ok 76 - ambiguous response with no confirmed membership requires a separate user retry
  ---
  duration_ms: 2.298056
  type: 'test'
  ...
# Subtest: account change during write cannot publish a confirmed success
ok 77 - account change during write cannot publish a confirmed success
  ---
  duration_ms: 0.37548
  type: 'test'
  ...
1..77
# tests 77
# suites 0
# pass 77
# fail 0
# cancelled 0
# skipped 0
# todo 0
# duration_ms 555.196017
